0/680 /account/receipt 5s
25/680 /lessons/reading/cat 46s
50/680 /lessons/vocabulary/animals 90s
75/680 /lessons/vocabulary/sport 134s
100/680 /plans/return 174s
125/680 /tests/drills/reading-full-004-drill-p1 218s
150/680 /tests/drills/reading-full-012-drill-p2 260s
175/680 /tests/drills/reading-full-020-drill-p3 301s
200/680 /tests/drills/reading-full-029-drill-p1 342s
225/680 /tests/drills/reading-full-037-drill-p2 383s
250/680 /tests/listening-full-014 422s
275/680 /tests/reading-full-008 462s
300/680 /tests/reading-full-033 501s
325/680 /trainers/focused/listening-multiple-choice-check-a 541s
350/680 /trainers/focused/reading-multiple-answer-guided-2 580s
375/680 /trainers/focused/reading-yes-no-notgiven-guided-2 620s
400/680 /trainers/focused/writing-task2-complex-sentences-check 660s
425/680 /trainers/listening/listening-full-003-drill-p4 699s
450/680 /trainers/listening/listening-full-010-drill-p1 739s
475/680 /trainers/listening/listening-full-016-drill-p2 779s
500/680 /trainers/listening/listening-full-022-drill-p3 818s
525/680 /trainers/listening/listening-full-028-drill-p4 858s
550/680 /trainers/reading/reading-full-006-drill-p1 898s
575/680 /trainers/reading/reading-full-014-drill-p2 938s
600/680 /trainers/reading/reading-full-022-drill-p3 978s
625/680 /trainers/reading/reading-full-031-drill-p1 1017s
650/680 /trainers/reading/reading-full-039-drill-p2 1057s
675/680 /trainers/writing 1097s

free en 1440x900: 680 pages, 1 with something to look at, 1103s
