0/755 /account/receipt 2s
25/755 /lesson-bodies/ru/reading-matching-sentence-endings 42s
50/755 /lesson-bodies/ru/vocabulary-fashion 80s
75/755 /lesson-bodies/ru/writing-advantages 118s
100/755 /lessons/listening 158s
125/755 /lessons/vocabulary/ai 198s
150/755 /lessons/vocabulary/society 238s
175/755 /plan-settings 278s
200/755 /tests/drills/reading-full-004-drill-p1 318s
225/755 /tests/drills/reading-full-012-drill-p2 360s
250/755 /tests/drills/reading-full-020-drill-p3 401s
275/755 /tests/drills/reading-full-029-drill-p1 442s
300/755 /tests/drills/reading-full-037-drill-p2 483s
325/755 /tests/listening-full-014 523s
350/755 /tests/reading-full-008 562s
375/755 /tests/reading-full-033 602s
400/755 /trainers/focused/listening-multiple-choice-check-a 641s
425/755 /trainers/focused/reading-multiple-answer-guided-2 681s
450/755 /trainers/focused/reading-yes-no-notgiven-guided-2 721s
475/755 /trainers/focused/writing-task2-complex-sentences-check 761s
500/755 /trainers/listening/listening-full-003-drill-p4 801s
525/755 /trainers/listening/listening-full-010-drill-p1 840s
550/755 /trainers/listening/listening-full-016-drill-p2 880s
575/755 /trainers/listening/listening-full-022-drill-p3 919s
600/755 /trainers/listening/listening-full-028-drill-p4 958s
625/755 /trainers/reading/reading-full-006-drill-p1 998s
650/755 /trainers/reading/reading-full-014-drill-p2 1037s
675/755 /trainers/reading/reading-full-022-drill-p3 1076s
700/755 /trainers/reading/reading-full-031-drill-p1 1116s
725/755 /trainers/reading/reading-full-039-drill-p2 1155s
750/755 /trainers/writing 1195s

open-visitor en 1440x900: 755 pages, 1 with something to look at, 1202s
