0/680 /account/receipt 5s
25/680 /lessons/reading/cat 45s
50/680 /lessons/vocabulary/animals 89s
75/680 /lessons/vocabulary/sport 133s
100/680 /plans/return 173s
125/680 /tests/drills/reading-full-004-drill-p1 217s
150/680 /tests/drills/reading-full-012-drill-p2 259s
175/680 /tests/drills/reading-full-020-drill-p3 300s
200/680 /tests/drills/reading-full-029-drill-p1 341s
225/680 /tests/drills/reading-full-037-drill-p2 381s
250/680 /tests/listening-full-014 421s
275/680 /tests/reading-full-008 461s
300/680 /tests/reading-full-033 500s
325/680 /trainers/focused/listening-multiple-choice-check-a 540s
350/680 /trainers/focused/reading-multiple-answer-guided-2 579s
375/680 /trainers/focused/reading-yes-no-notgiven-guided-2 619s
400/680 /trainers/focused/writing-task2-complex-sentences-check 658s
425/680 /trainers/listening/listening-full-003-drill-p4 698s
450/680 /trainers/listening/listening-full-010-drill-p1 738s
475/680 /trainers/listening/listening-full-016-drill-p2 777s
500/680 /trainers/listening/listening-full-022-drill-p3 817s
525/680 /trainers/listening/listening-full-028-drill-p4 857s
550/680 /trainers/reading/reading-full-006-drill-p1 896s
575/680 /trainers/reading/reading-full-014-drill-p2 936s
600/680 /trainers/reading/reading-full-022-drill-p3 976s
625/680 /trainers/reading/reading-full-031-drill-p1 1016s
650/680 /trainers/reading/reading-full-039-drill-p2 1055s
675/680 /trainers/writing 1095s

paid en 1440x900: 680 pages, 1 with something to look at, 1101s
