0/680 /account/receipt 2s
25/680 /lessons/reading/cat 42s
50/680 /lessons/vocabulary/animals 82s
75/680 /lessons/vocabulary/sport 121s
100/680 /plans/return 161s
125/680 /tests/drills/reading-full-004-drill-p1 201s
150/680 /tests/drills/reading-full-012-drill-p2 242s
175/680 /tests/drills/reading-full-020-drill-p3 283s
200/680 /tests/drills/reading-full-029-drill-p1 324s
225/680 /tests/drills/reading-full-037-drill-p2 365s
250/680 /tests/listening-full-014 406s
275/680 /tests/reading-full-008 446s
300/680 /tests/reading-full-033 486s
325/680 /trainers/focused/listening-multiple-choice-check-a 525s
350/680 /trainers/focused/reading-multiple-answer-guided-2 565s
375/680 /trainers/focused/reading-yes-no-notgiven-guided-2 604s
400/680 /trainers/focused/writing-task2-complex-sentences-check 644s
425/680 /trainers/listening/listening-full-003-drill-p4 684s
450/680 /trainers/listening/listening-full-010-drill-p1 723s
475/680 /trainers/listening/listening-full-016-drill-p2 763s
500/680 /trainers/listening/listening-full-022-drill-p3 803s
525/680 /trainers/listening/listening-full-028-drill-p4 842s
550/680 /trainers/reading/reading-full-006-drill-p1 882s
575/680 /trainers/reading/reading-full-014-drill-p2 921s
600/680 /trainers/reading/reading-full-022-drill-p3 961s
625/680 /trainers/reading/reading-full-031-drill-p1 1001s
650/680 /trainers/reading/reading-full-039-drill-p2 1040s
675/680 /trainers/writing 1080s

visitor en 1440x900: 680 pages, 0 with something to look at, 1086s
