/dashboard: 36 controls (4s)
/start: 49 controls (87s)
/learn: 35 controls (152s)
/learn/bands: 33 controls (216s)
/report: 18 controls (237s)
/plan-settings: 55 controls (247s)
/account: 25 controls (289s)
/profile: 26 controls (302s)
/plans: 23 controls (316s)
/trainers: 25 controls (344s)
/trainers/reading: 32 controls (376s)
/trainers/listening: 32 controls (428s)
/trainers/writing: 20 controls (480s)
/trainers/speaking: 21 controls (498s)
/trainers/reading/reading-full-001-drill-p1: 3 controls (515s)
/trainers/listening/listening-full-001-drill-p1: 3 controls (522s)
/trainers/focused/listening-categorisation-check-a: 21 controls (529s)
/trainers/speaking-focus/speaking-fluency-repair: 17 controls (533s)
/tests: 45 controls (536s)
/tests/drills: 32 controls (639s)
/tests/drills/reading-full-001-drill-p1: 3 controls (691s)
/tests/reading-full-001: 3 controls (698s)
/tests/listening-full-001: 3 controls (705s)
/tests/mock: 5 controls (712s)
/placement: 4 controls (719s)
/review: 30 controls (731s)
/writing/checker: 19 controls (781s)
/writing/models: 26 controls (795s)
/speaking/examiner: 19 controls (811s)
/speaking/cue-cards: 39 controls (819s)
/speaking/recorded: 19 controls (865s)
/speaking/checker: 19 controls (874s)
/lessons/reading-task1: 56 controls (882s)
/lessons/reading/tfng: 109 controls (974s)
/lessons/listening/part1: 43 controls (1069s)
/lessons/writing/opinion: 40 controls (1112s)
/lessons/speaking/part2: 81 controls (1167s)
/lessons/vocabulary/environment: 35 controls (1259s)
/help: 30 controls (1299s)
/support: 22 controls (1323s)
/privacy: 21 controls (1334s)
/terms: 22 controls (1355s)
/sign-in: 17 controls (1376s)
/sign-up: 17 controls (1382s)
/forgot-password: 17 controls (1388s)
/: 55 controls (1394s)

paid ru 390x844: 46 pages, 741 controls used, 74 to look at, 1504s
