/dashboard: 36 controls (4s)
/start: 49 controls (87s)
/learn: 35 controls (153s)
/learn/bands: 33 controls (218s)
/report: 18 controls (238s)
/plan-settings: 55 controls (249s)
/account: 25 controls (290s)
/profile: 26 controls (302s)
/plans: 23 controls (316s)
/trainers: 25 controls (345s)
/trainers/reading: 32 controls (377s)
/trainers/listening: 32 controls (428s)
/trainers/writing: 20 controls (480s)
/trainers/speaking: 21 controls (498s)
/trainers/reading/reading-full-001-drill-p1: 3 controls (513s)
/trainers/listening/listening-full-001-drill-p1: 3 controls (520s)
/trainers/focused/listening-categorisation-check-a: 21 controls (527s)
/trainers/speaking-focus/speaking-fluency-repair: 17 controls (533s)
/tests: 45 controls (537s)
/tests/drills: 32 controls (636s)
/tests/drills/reading-full-001-drill-p1: 3 controls (688s)
/tests/reading-full-001: 3 controls (695s)
/tests/listening-full-001: 3 controls (702s)
/tests/mock: 5 controls (709s)
/placement: 4 controls (716s)
/review: 30 controls (729s)
/writing/checker: 19 controls (779s)
/writing/models: 89 controls (793s)
/speaking/examiner: 19 controls (859s)
/speaking/cue-cards: 39 controls (868s)
/speaking/recorded: 19 controls (912s)
/speaking/checker: 19 controls (922s)
/lessons/reading-task1: 56 controls (930s)
/lessons/reading/tfng: 109 controls (1021s)
/lessons/listening/part1: 43 controls (1117s)
/lessons/writing/opinion: 40 controls (1160s)
/lessons/speaking/part2: 81 controls (1214s)
/lessons/vocabulary/environment: 35 controls (1302s)
/help: 30 controls (1343s)
/support: 22 controls (1367s)
/privacy: 21 controls (1379s)
/terms: 22 controls (1400s)
/sign-in: 17 controls (1421s)
/sign-up: 17 controls (1427s)
/forgot-password: 17 controls (1432s)
/: 60 controls (1438s)

paid en 1440x900: 46 pages, 808 controls used, 74 to look at, 1563s
