/dashboard: 100 controls (4s)
/start: 100 controls (341s)
/learn: 37 controls (637s)
/learn/bands: 19 controls (709s)
/report: 18 controls (720s)
/plan-settings: 54 controls (730s)
/account: 18 controls (767s)
/profile: 17 controls (777s)
/plans: 22 controls (784s)
/trainers: 25 controls (808s)
/trainers/reading: 19 controls (826s)
/trainers/listening: 19 controls (838s)
/trainers/writing: 19 controls (849s)
/trainers/speaking: 19 controls (860s)
/trainers/reading/reading-full-001-drill-p1: 3 controls (871s)
/trainers/listening/listening-full-001-drill-p1: 3 controls (882s)
/trainers/focused/listening-categorisation-check-a: 19 controls (892s)
/trainers/speaking-focus/speaking-fluency-repair: 19 controls (903s)
/tests: 43 controls (914s)
/tests/drills: 19 controls (952s)
/tests/drills/reading-full-001-drill-p1: 3 controls (963s)
/tests/reading-full-001: 3 controls (974s)
/tests/listening-full-001: 3 controls (984s)
/tests/mock: 3 controls (994s)
/placement: 3 controls (1004s)
/review: 18 controls (1014s)
/writing/checker: 19 controls (1024s)
/writing/models: 19 controls (1036s)
/speaking/examiner: 19 controls (1047s)
/speaking/cue-cards: 19 controls (1058s)
/speaking/recorded: 19 controls (1070s)
/speaking/checker: 19 controls (1081s)
/lessons/reading-task1: 18 controls (1093s)
/lessons/reading/tfng: 18 controls (1103s)
/lessons/listening/part1: 18 controls (1113s)
/lessons/writing/opinion: 18 controls (1123s)
/lessons/speaking/part2: 18 controls (1133s)
/lessons/vocabulary/environment: 18 controls (1143s)
/help: 30 controls (1153s)
/support: 18 controls (1178s)
/privacy: 21 controls (1188s)
/terms: 22 controls (1209s)
/sign-in: 20 controls (1229s)
/sign-up: 17 controls (1242s)
/forgot-password: 17 controls (1248s)
/: 60 controls (1253s)

visitor en 1440x900: 46 pages, 491 controls used, 3 to look at, 1378s
