PASS en 1440: hero says lessons are free with an account  [EVERY IELTS LESSON FREE WITH AN ACCOUNT  Open the gates to your future.]
PASS en 1440: header call to action is Create a free account  [Create a free account]
PASS en 1440: whole page scrolls with no sideways scroll  [{'overflow': 0, 'steps': 31, 'gate_max': 100, 'gate_first': 'window:0;gate:0;headline:1'}]
PASS en 1440: the gates open while scrolling  [{'overflow': 0, 'steps': 31, 'gate_max': 100, 'gate_first': 'window:0;gate:0;headline:1'}]
PASS en pricing says: Every lesson, free.
PASS en pricing says: Free account
PASS en pricing says: Every lesson for Reading, Listening, Writing and Speaking
PASS en pricing says: Practice and guidance
PASS en pricing says: ₸12,990
PASS en pricing says: for 30 days
PASS en pricing says: 12 essay assessments and 6 recorded Speaking assessments
PASS en pricing says: 2 live interviews
PASS en pricing says: 2 full mock exams and the placement test
PASS en pricing says: No automatic renewal
PASS en pricing says: we pay back the share you have not used
PASS en pricing says: Get practice and guidance
PASS en pricing: Get practice and guidance goes to /plans (buying is on in this build)  [/ielts-website/plans]
PASS en FAQ says: What is free?
PASS en FAQ says: Every lesson, with an account
PASS en FAQ says: What is paid, and why?
PASS en FAQ says: costs real money to run
PASS en FAQ says: 30 days cost ₸12,990, paid once
PASS en FAQ says: Does it renew automatically?
PASS en FAQ says: never charged automatically
PASS en FAQ says: Can I get a refund?
PASS en FAQ says: Yes. You can ask for a refund at any time during your 30 days
PASS en FAQ says: Academic IELTS
PASS en FAQ says: Do I need an account to read the lessons?
PASS en FAQ says: Yes. Lessons open with a free account
PASS en: no trial anywhere on the page
PASS en: no link to /trial or to a lesson anywhere  [[]]
PASS en: every call to action lands on sign-up, sign-in or plans  [8 calls to action; Already have an account? Sign in. -> /sign-in; Create a free account -> /sign-up; Create a free accountStart for free -> /sign-up; Get practice and guidance -> /plans; Sign in -> /sign-in]
PASS en: .nav-actions [data-signup-link] opens /sign-up  [http://localhost:4441/ielts-website/sign-up]
PASS en: .nav-actions .workspace-link opens /sign-in  [http://localhost:4441/ielts-website/sign-in]
PASS en: .close-card [data-signup-link] opens /sign-up  [http://localhost:4441/ielts-website/sign-up]
PASS en: .close-card .close-secondary opens /sign-in  [http://localhost:4441/ielts-website/sign-in]
PASS en: #pricing .price-free [data-signup-link] opens /sign-up  [http://localhost:4441/ielts-website/sign-up]
PASS en: #pricing [data-buy-link] opens /plans  [http://localhost:4441/ielts-website/plans]
PASS en plan: two free Writing lessons for knowing how to answer  [['Free lesson', 'Free lesson', 'Writing Overview', 'How to Answer Task 2']]
PASS en plan: ends in create a free account and start with these lessons  [Start with these lessons.  Create a free account to open them. Every lesson is free. Practice tests, feedback on your answers and Mr EZ come with practice and guidance.  Create a free account]
PASS en plan: its sign-up link carries the four answers inside next  [/ielts-website/sign-up?next=%2Fdashboard%3Fjourney%3D1%26band%3D7.5%26skill%3Dwriting%26focus%3Dmethod%26time%3D30]
PASS en plan: the header's sign-up link carries them too  [/ielts-website/sign-up?next=%2Fdashboard%3Fjourney%3D1%26band%3D7.5%26skill%3Dwriting%26focus%3Dmethod%26time%3D30]
PASS en plan: sign-in links stay plain  [/ielts-website/sign-in]
PASS sign-up: goes on to the profile, still carrying the answers  [http://localhost:4441/ielts-website/profile?next=%2Fdashboard%3Fjourney%3D1%26band%3D7.5%26skill%3Dwriting%26focus%3Dmethod%26time%3D30]
PASS after sign-up and profile: the dashboard opens with the questionnaire's answers  [http://localhost:4441/ielts-website/dashboard?journey=1&band=7.5&skill=writing&focus=method&time=30]
PASS after sign-up: the answers are also still in this tab's storage  [{"band":"7.5","skill":"writing","focus":"method","time":"30"}]
PASS en desktop: no page errors
PASS en 390: whole page scrolls with no sideways scroll  [{'overflow': 0, 'steps': 38, 'gate_max': 100, 'gate_first': 'window:0;gate:0;headline:1'}]
PASS en 390: the gates open while scrolling  [{'overflow': 0, 'steps': 38, 'gate_max': 100, 'gate_first': 'window:0;gate:0;headline:1'}]
PASS en 390: the menu has no lesson or trial link, and has Sign in  [['#meet-mr-ez', '#feedback', '#your-plan', '#pricing', '/ielts-website/sign-in']]
PASS ru 1440: the page is in Russian  [ВСЕ УРОКИ IELTS БЕСПЛАТНО С АККАУНТОМ  Откройте ворота в своё будущее.]
PASS ru 1440: whole page scrolls with no sideways scroll  [{'overflow': 0, 'steps': 32, 'gate_max': 100, 'gate_first': 'window:0;gate:0;headline:1'}]
PASS ru 1440: the gates open while scrolling  [{'overflow': 0, 'steps': 32, 'gate_max': 100, 'gate_first': 'window:0;gate:0;headline:1'}]
PASS ru 1440 pricing says: Практика и сопровождение
PASS ru 1440 pricing says: Бесплатный аккаунт
PASS ru 1440 pricing says: 12 990 ₸
PASS ru 1440 pricing says: за 30 дней
PASS ru 1440 pricing says: Без автоматического продления
PASS ru 1440 pricing says: Неиспользованную часть оплаты можно вернуть
PASS ru 1440 pricing says: Подключить практику и сопровождение
PASS ru 1440: no trial on the page
PASS ru 390: the page is in Russian  [ВСЕ УРОКИ IELTS БЕСПЛАТНО С АККАУНТОМ  Откройте ворота в своё будущее.]
PASS ru 390: whole page scrolls with no sideways scroll  [{'overflow': 0, 'steps': 40, 'gate_max': 100, 'gate_first': 'window:0;gate:0;headline:1'}]
PASS ru 390: the gates open while scrolling  [{'overflow': 0, 'steps': 40, 'gate_max': 100, 'gate_first': 'window:0;gate:0;headline:1'}]
PASS ru 390 pricing says: Практика и сопровождение
PASS ru 390 pricing says: Бесплатный аккаунт
PASS ru 390 pricing says: 12 990 ₸
PASS ru 390 pricing says: за 30 дней
PASS ru 390 pricing says: Без автоматического продления
PASS ru 390 pricing says: Неиспользованную часть оплаты можно вернуть
PASS ru 390 pricing says: Подключить практику и сопровождение
PASS ru 390: no trial on the page
PASS ru 320: the page is in Russian  [ВСЕ УРОКИ IELTS БЕСПЛАТНО С АККАУНТОМ  Откройте ворота в своё будущее.]
PASS ru 320: whole page scrolls with no sideways scroll  [{'overflow': 0, 'steps': 51, 'gate_max': 100, 'gate_first': 'window:0;gate:0;headline:1'}]
PASS ru 320: the gates open while scrolling  [{'overflow': 0, 'steps': 51, 'gate_max': 100, 'gate_first': 'window:0;gate:0;headline:1'}]
PASS ru 320 pricing says: Практика и сопровождение
PASS ru 320 pricing says: Бесплатный аккаунт
PASS ru 320 pricing says: 12 990 ₸
PASS ru 320 pricing says: за 30 дней
PASS ru 320 pricing says: Без автоматического продления
PASS ru 320 pricing says: Неиспользованную часть оплаты можно вернуть
PASS ru 320 pricing says: Подключить практику и сопровождение
PASS ru 320 FAQ says: Что бесплатно?
PASS ru 320 FAQ says: Что платно и почему?
PASS ru 320 FAQ says: 30 дней стоят
PASS ru 320 FAQ says: Продлевается ли доступ автоматически?
PASS ru 320 FAQ says: Да. В течение 30 дней можно в любой момент попросить возврат
PASS ru 320 FAQ says: Нужен ли аккаунт, чтобы читать уроки?
PASS ru 320: no sideways scroll with the questions open  [0]
PASS ru 320: the header's sign-up button fits the screen  [{'x': 167.8125, 'y': -13508.5, 'width': 107.71875, 'height': 38}]
PASS ru 320: no trial on the page
PASS en 1440 /terms says: The agreement for practice and guidance
PASS en 1440 /terms says: Every lesson is free
PASS en 1440 /terms says: 30 days of access for 12,990 KZT, paid once
PASS en 1440 /terms says: Nothing renews
PASS en 1440 /terms says: You can ask for a refund at any time during your 30 days
PASS en 1440 /terms says: 12 essay assessments, 6 recorded Speaking assessments
PASS en 1440 /terms says: 2 full mock exams
PASS en 1440 /terms: no trial
PASS en 1440 /terms: no sideways scroll  [0]
PASS en 1440 /privacy says: The trial is no longer offered, so no new trial records are 
PASS en 1440 /privacy says: How many of the included assessments you have used
PASS en 1440 /privacy says: If the person who runs the site gives you free access
PASS en 1440 /privacy: no sideways scroll  [0]
PASS en 1440 /help says: What is free, and what is paid?
PASS en 1440 /help says: How do I get practice and guidance?
PASS en 1440 /help: no trial
PASS en 1440 /help: no sideways scroll  [0]
PASS en 390 /terms says: The agreement for practice and guidance
PASS en 390 /terms says: Every lesson is free
PASS en 390 /terms says: 30 days of access for 12,990 KZT, paid once
PASS en 390 /terms says: Nothing renews
PASS en 390 /terms says: You can ask for a refund at any time during your 30 days
PASS en 390 /terms says: 12 essay assessments, 6 recorded Speaking assessments
PASS en 390 /terms says: 2 full mock exams
PASS en 390 /terms: no trial
PASS en 390 /terms: no sideways scroll  [0]
PASS en 390 /privacy says: The trial is no longer offered, so no new trial records are 
PASS en 390 /privacy says: How many of the included assessments you have used
PASS en 390 /privacy says: If the person who runs the site gives you free access
PASS en 390 /privacy: no sideways scroll  [0]
PASS en 390 /help says: What is free, and what is paid?
PASS en 390 /help says: How do I get practice and guidance?
PASS en 390 /help: no trial
PASS en 390 /help: no sideways scroll  [0]
PASS ru 1440 /terms says: Договор на практику и сопровождение
PASS ru 1440 /terms says: Все уроки бесплатны
PASS ru 1440 /terms says: доступ на 30 дней за
PASS ru 1440 /terms says: Попросить возврат можно в любой момент в течение ваших 30 дн
PASS ru 1440 /terms says: Проверки эссе: 12
PASS ru 1440 /terms: no trial
PASS ru 1440 /terms: no sideways scroll  [0]
PASS ru 1440 /privacy says: Пробный период больше не предлагается
PASS ru 1440 /privacy: no sideways scroll  [0]
PASS ru 1440 /help says: Что бесплатно, а что платно?
PASS ru 1440 /help says: Как подключить практику и сопровождение?
PASS ru 1440 /help: no trial
PASS ru 1440 /help: no sideways scroll  [0]
PASS ru 390 /terms says: Договор на практику и сопровождение
PASS ru 390 /terms says: Все уроки бесплатны
PASS ru 390 /terms says: доступ на 30 дней за
PASS ru 390 /terms says: Попросить возврат можно в любой момент в течение ваших 30 дн
PASS ru 390 /terms says: Проверки эссе: 12
PASS ru 390 /terms: no trial
PASS ru 390 /terms: no sideways scroll  [0]
PASS ru 390 /privacy says: Пробный период больше не предлагается
PASS ru 390 /privacy: no sideways scroll  [0]
PASS ru 390 /help says: Что бесплатно, а что платно?
PASS ru 390 /help says: Как подключить практику и сопровождение?
PASS ru 390 /help: no trial
PASS ru 390 /help: no sideways scroll  [0]

151 passed, 0 failed
