0/755 /account/receipt 5s
25/755 /lesson-bodies/ru/reading-matching-sentence-endings 46s
50/755 /lesson-bodies/ru/vocabulary-fashion 86s
75/755 /lesson-bodies/ru/writing-advantages 126s
100/755 /lessons/listening 170s
125/755 /lessons/vocabulary/ai 216s
150/755 /lessons/vocabulary/society 262s
175/755 /plan-settings 307s
200/755 /tests/drills/reading-full-004-drill-p1 355s
225/755 /tests/drills/reading-full-012-drill-p2 398s
250/755 /tests/drills/reading-full-020-drill-p3 445s
275/755 /tests/drills/reading-full-029-drill-p1 489s
300/755 /tests/drills/reading-full-037-drill-p2 535s
325/755 /tests/listening-full-014 579s
350/755 /tests/reading-full-008 626s
375/755 /tests/reading-full-033 676s
400/755 /trainers/focused/listening-multiple-choice-check-a 736s
425/755 /trainers/focused/reading-multiple-answer-guided-2 786s
450/755 /trainers/focused/reading-yes-no-notgiven-guided-2 832s
475/755 /trainers/focused/writing-task2-complex-sentences-check 874s
500/755 /trainers/listening/listening-full-003-drill-p4 916s
525/755 /trainers/listening/listening-full-010-drill-p1 957s
550/755 /trainers/listening/listening-full-016-drill-p2 1002s
575/755 /trainers/listening/listening-full-022-drill-p3 1049s
600/755 /trainers/listening/listening-full-028-drill-p4 1096s
625/755 /trainers/reading/reading-full-006-drill-p1 1143s
650/755 /trainers/reading/reading-full-014-drill-p2 1192s
675/755 /trainers/reading/reading-full-022-drill-p3 1237s
700/755 /trainers/reading/reading-full-031-drill-p1 1277s
725/755 /trainers/reading/reading-full-039-drill-p2 1317s
750/755 /trainers/writing 1357s

open-visitor en 1440x900: 755 pages, 1 with something to look at, 1363s
