0/680 /account/receipt 32s
25/680 /lessons/reading/cat 89s
50/680 /lessons/vocabulary/animals 154s
75/680 /lessons/vocabulary/sport 200s
100/680 /plans/return 245s
125/680 /tests/drills/reading-full-004-drill-p1 286s
150/680 /tests/drills/reading-full-012-drill-p2 327s
175/680 /tests/drills/reading-full-020-drill-p3 369s
200/680 /tests/drills/reading-full-029-drill-p1 410s
225/680 /tests/drills/reading-full-037-drill-p2 460s
250/680 /tests/listening-full-014 507s
275/680 /tests/reading-full-008 550s
300/680 /tests/reading-full-033 595s
325/680 /trainers/focused/listening-multiple-choice-check-a 642s
350/680 /trainers/focused/reading-multiple-answer-guided-2 691s
375/680 /trainers/focused/reading-yes-no-notgiven-guided-2 732s
400/680 /trainers/focused/writing-task2-complex-sentences-check 780s
425/680 /trainers/listening/listening-full-003-drill-p4 829s
450/680 /trainers/listening/listening-full-010-drill-p1 895s
475/680 /trainers/listening/listening-full-016-drill-p2 965s
500/680 /trainers/listening/listening-full-022-drill-p3 1024s
525/680 /trainers/listening/listening-full-028-drill-p4 1073s
550/680 /trainers/reading/reading-full-006-drill-p1 1122s
575/680 /trainers/reading/reading-full-014-drill-p2 1164s
600/680 /trainers/reading/reading-full-022-drill-p3 1212s
625/680 /trainers/reading/reading-full-031-drill-p1 1275s
650/680 /trainers/reading/reading-full-039-drill-p2 1331s
675/680 /trainers/writing 1380s

paid en 1440x900: 680 pages, 3 with something to look at, 1387s
