0/680 /account/receipt 5s
25/680 /lessons/reading/cat 50s
50/680 /lessons/vocabulary/animals 97s
75/680 /lessons/vocabulary/sport 148s
100/680 /plans/return 196s
125/680 /tests/drills/reading-full-004-drill-p1 243s
150/680 /tests/drills/reading-full-012-drill-p2 291s
175/680 /tests/drills/reading-full-020-drill-p3 336s
200/680 /tests/drills/reading-full-029-drill-p1 379s
225/680 /tests/drills/reading-full-037-drill-p2 426s
250/680 /tests/listening-full-014 474s
275/680 /tests/reading-full-008 523s
300/680 /tests/reading-full-033 570s
325/680 /trainers/focused/listening-multiple-choice-check-a 623s
350/680 /trainers/focused/reading-multiple-answer-guided-2 687s
375/680 /trainers/focused/reading-yes-no-notgiven-guided-2 748s
400/680 /trainers/focused/writing-task2-complex-sentences-check 800s
425/680 /trainers/listening/listening-full-003-drill-p4 845s
450/680 /trainers/listening/listening-full-010-drill-p1 889s
475/680 /trainers/listening/listening-full-016-drill-p2 931s
500/680 /trainers/listening/listening-full-022-drill-p3 976s
525/680 /trainers/listening/listening-full-028-drill-p4 1028s
550/680 /trainers/reading/reading-full-006-drill-p1 1078s
575/680 /trainers/reading/reading-full-014-drill-p2 1131s
600/680 /trainers/reading/reading-full-022-drill-p3 1185s
625/680 /trainers/reading/reading-full-031-drill-p1 1234s
650/680 /trainers/reading/reading-full-039-drill-p2 1275s
675/680 /trainers/writing 1315s

visitor en 1440x900: 680 pages, 0 with something to look at, 1322s
