/dashboard: 36 controls (5s)
/start: 49 controls (93s)
/learn: 35 controls (159s)
/learn/bands: 33 controls (229s)
/report: 18 controls (251s)
/plan-settings: 55 controls (263s)
/account: 25 controls (311s)
/profile: 26 controls (325s)
/plans: 23 controls (341s)
/trainers: 25 controls (372s)
/trainers/reading: 32 controls (406s)
/trainers/listening: 32 controls (458s)
/trainers/writing: 20 controls (515s)
/trainers/speaking: 21 controls (532s)
/trainers/reading/reading-full-001-drill-p1: 3 controls (550s)
/trainers/listening/listening-full-001-drill-p1: 3 controls (557s)
/trainers/focused/listening-categorisation-check-a: 21 controls (565s)
/trainers/speaking-focus/speaking-fluency-repair: 17 controls (569s)
/tests: 45 controls (575s)
/tests/drills: 32 controls (680s)
/tests/drills/reading-full-001-drill-p1: 3 controls (733s)
/tests/reading-full-001: 3 controls (740s)
/tests/listening-full-001: 3 controls (747s)
/tests/mock: 5 controls (754s)
/placement: 4 controls (762s)
/review: 30 controls (777s)
/writing/checker: 19 controls (830s)
/writing/models: 89 controls (844s)
/speaking/examiner: 19 controls (910s)
/speaking/cue-cards: 39 controls (918s)
/speaking/recorded: 19 controls (963s)
/speaking/checker: 19 controls (972s)
/lessons/reading-task1: 60 controls (980s)
/lessons/reading/tfng: 111 controls (1081s)
/lessons/listening/part1: 43 controls (1179s)
/lessons/writing/opinion: 42 controls (1222s)
/lessons/speaking/part2: 87 controls (1283s)
/lessons/vocabulary/environment: 35 controls (1379s)
/help: 30 controls (1419s)
/support: 22 controls (1444s)
/privacy: 21 controls (1454s)
/terms: 22 controls (1475s)
/sign-in: 17 controls (1496s)
/sign-up: 17 controls (1501s)
/forgot-password: 17 controls (1506s)
/: 60 controls (1512s)

paid en 1440x900: 46 pages, 822 controls used, 89 to look at, 1655s
