/dashboard: 100 controls (3s)
/start: 100 controls (365s)
/learn: 37 controls (678s)
/learn/bands: 19 controls (750s)
/report: 18 controls (762s)
/plan-settings: 54 controls (774s)
/account: 18 controls (814s)
/profile: 17 controls (824s)
/plans: 22 controls (831s)
/trainers: 25 controls (855s)
/trainers/reading: 19 controls (873s)
/trainers/listening: 19 controls (884s)
/trainers/writing: 19 controls (896s)
/trainers/speaking: 19 controls (907s)
/trainers/reading/reading-full-001-drill-p1: 3 controls (918s)
/trainers/listening/listening-full-001-drill-p1: 3 controls (928s)
/trainers/focused/listening-categorisation-check-a: 19 controls (938s)
/trainers/speaking-focus/speaking-fluency-repair: 19 controls (950s)
/tests: 43 controls (961s)
/tests/drills: 19 controls (1001s)
/tests/drills/reading-full-001-drill-p1: 3 controls (1014s)
/tests/reading-full-001: 3 controls (1025s)
/tests/listening-full-001: 3 controls (1035s)
/tests/mock: 3 controls (1046s)
/placement: 3 controls (1057s)
/review: 18 controls (1067s)
/writing/checker: 19 controls (1077s)
/writing/models: 19 controls (1088s)
/speaking/examiner: 19 controls (1100s)
/speaking/cue-cards: 19 controls (1111s)
/speaking/recorded: 19 controls (1122s)
/speaking/checker: 19 controls (1134s)
/lessons/reading-task1: 18 controls (1145s)
/lessons/reading/tfng: 18 controls (1155s)
/lessons/listening/part1: 18 controls (1166s)
/lessons/writing/opinion: 18 controls (1176s)
/lessons/speaking/part2: 18 controls (1186s)
/lessons/vocabulary/environment: 18 controls (1197s)
/help: 30 controls (1207s)
/support: 23 controls (1231s)
/privacy: 21 controls (1245s)
/terms: 22 controls (1268s)
/sign-in: 20 controls (1291s)
/sign-up: 17 controls (1303s)
/forgot-password: 17 controls (1309s)
/: 60 controls (1315s)

visitor en 1440x900: 46 pages, 496 controls used, 3 to look at, 1438s
